// Jest Snapshot v1, https://goo.gl/fbAQLP

exports[`Sorting should render the component 1`] = `
<DocumentFragment>
  <div
    class="sorting"
  >
    <button
      class="selected"
    >
      Alphabetical
    </button>
    <button
      class="unselected"
    >
      Numerical
    </button>
  </div>
</DocumentFragment>
`;
